2026-07-30 15:50:41 | REAL | LONG AUDUSD | 2.74 lots | @ 0.70288 | SL 0.70195 | TP 0.70453 | TP1 0.70367 | RRR 2.00 | riesgo 255 USD | score 9/18 | strength normal | cross A | nivel {'price': 0.70225, 'type': 'support', 'strength': 2, 'touches': 3, 'distance_pips': 5.7} | fuente marco | ticket 508704361
2026-08-04 09:17:22 | REAL | LONG AUDUSD | 2.60 lots | @ 0.70298 | SL 0.70204 | TP 0.70492 | TP1 0.70396 | RRR 2.00 | riesgo 245 USD | score 10/18 | strength fuerte | cross B | nivel {'price': 0.70234, 'type': 'support', 'strength': 5, 'touches': 41, 'distance_pips': 6.6} | fuente marco | ticket 511400236
2026-08-06 15:27:14 | REAL | LONG AUDUSD | 12.29 lots | @ 0.70336 | SL 0.70316 | TP 0.70412 | TP1 0.70380 | RRR 2.00 | riesgo 246 USD | score 8/18 | strength normal | cross B | nivel {'price': 0.70346, 'type': 'support', 'strength': 5, 'touches': 25, 'distance_pips': 0.2} | fuente marco | ticket 513878543
2026-08-06 16:43:21 | REAL | SHORT AUDUSD | 3.21 lots | @ 0.70301 | SL 0.70377 | TP 0.70212 | TP1 0.70267 | RRR 2.00 | riesgo 244 USD | score 9/18 | strength normal | cross B | nivel {'price': 0.70347, 'type': 'resistance', 'strength': 5, 'touches': 24, 'distance_pips': 2.5} | fuente marco | ticket 513920873
2026-08-11 11:13:24 | REAL | LONG AUDUSD | 2.51 lots | @ 0.70657 | SL 0.70558 | TP 0.70918 | TP1 0.70798 | RRR 2.00 | riesgo 249 USD | score 13/18 | strength fuerte | cross B | nivel {'price': 0.70588, 'type': 'support', 'strength': 5, 'touches': 25, 'distance_pips': 9.0} | fuente marco | ticket 516720107
2026-08-13 13:29:55 | REAL | SHORT AUDUSD | 2.04 lots | @ 0.70553 | SL 0.70672 | TP 0.70276 | TP1 0.70434 | RRR 2.36 | riesgo 243 USD | score 10/18 | strength fuerte | cross A | nivel {'price': 0.70642, 'type': 'resistance', 'strength': 5, 'touches': 30, 'distance_pips': 8.8} | fuente marco | ticket 518957272
2026-08-14 10:47:06 | REAL | LONG AUDUSD | 3.53 lots | @ 0.70915 | SL 0.70846 | TP 0.71068 | TP1 0.70984 | RRR 2.70 | riesgo 244 USD | score 10/18 | strength fuerte | cross A | nivel {'price': 0.70899, 'type': 'support', 'strength': 4, 'touches': 5, 'distance_pips': 0.7} | fuente marco | ticket 519671939
2026-08-19 08:26:49 | REAL | SHORT AUDUSD | 1.82 lots | @ 0.70746 | SL 0.70883 | TP 0.70487 | TP1 0.70609 | RRR 2.36 | riesgo 250 USD | score 11/18 | strength fuerte | cross A | nivel {'price': 0.70853, 'type': 'resistance', 'strength': 5, 'touches': 20, 'distance_pips': 8.8} | fuente marco | ticket 522712005
2026-08-21 08:52:54 | REAL | LONG AUDUSD | 2.97 lots | @ 0.71637 | SL 0.71552 | TP 0.71873 | TP1 0.71722 | RRR 2.45 | riesgo 253 USD | score 8/18 | strength normal | cross A | nivel {'price': 0.71582, 'type': 'support', 'strength': 2, 'touches': 2, 'distance_pips': 6.3} | fuente marco | ticket 524952937
2026-08-21 12:25:06 | REAL | LONG AUDUSD | 2.48 lots | @ 0.71680 | SL 0.71578 | TP 0.71875 | TP1 0.71782 | RRR 2.49 | riesgo 253 USD | score 8/18 | strength normal | cross A | nivel {'price': 0.71608, 'type': 'support', 'strength': 2, 'touches': 4, 'distance_pips': 5.5} | fuente marco | ticket 525220666
2026-08-24 05:44:22 | REAL | LONG USDCAD | 2.01 lots | @ 1.38416 | SL 1.38242 | TP 1.38801 | TP1 1.38590 | RRR 2.52 | riesgo 253 USD | score 12/18 | strength fuerte | cross A | nivel {'price': 1.38274, 'type': 'support', 'strength': 5, 'touches': 6, 'distance_pips': 12.7} | fuente marco | ticket 526102696
2026-08-25 14:00:26 | REAL | SHORT AUDUSD | 1.83 lots | @ 0.71549 | SL 0.71685 | TP 0.71250 | TP1 0.71413 | RRR 2.32 | riesgo 250 USD | score 10/18 | strength fuerte | cross A | nivel {'price': 0.71655, 'type': 'resistance', 'strength': 5, 'touches': 32, 'distance_pips': 10.1} | fuente marco | ticket 527785409
2026-08-26 05:31:51 | REAL | LONG AUDUSD | 1.39 lots | @ 0.71825 | SL 0.71644 | TP 0.72262 | TP1 0.72006 | RRR 2.22 | riesgo 252 USD | score 13/18 | strength fuerte | cross A | nivel {'price': 0.71674, 'type': 'support', 'strength': 5, 'touches': 15, 'distance_pips': 16.2} | fuente marco | ticket 528282501
2026-09-01 00:00:00 | ===== CAMBIO DE ESTRATEGIA (2026-09-01) =====
2026-09-01 00:00:00 | Estrategia anterior: REVERSION — el nivel S/R se leia como rebote y se entraba
2026-09-01 00:00:00 |   EN la direccion del detector, con SL anclado al nivel (nivel +-3p) y parcial 1R+BE.
2026-09-01 00:00:00 |   Resultado real 30-jul a 26-ago: 13 trades, 2W/11L, -2342 USD (WR 15.4%).
2026-09-01 00:00:00 | Estrategia nueva: CONTINUATION (Escenario B) — el nivel marca AGOTAMIENTO, no rebote.
2026-09-01 00:00:00 |   Se ejecuta el lado CONTRARIO al detector; SL/TP fijos 12p/24p desde la entrada;
2026-09-01 00:00:00 |   parcial 1R+BE desactivada; riesgo 0.50% -> 0.25% por trade.
2026-09-01 00:00:00 | Base: replay de las 12 marcas AUDUSD contra OHLC M15 real ->
2026-09-01 00:00:00 |   senal tal cual -10.40R | moneda -1.40R | senal INVERTIDA +7.60R (8W/4L).
2026-09-01 00:00:00 |   MFE 4h media -3.7p vs MAE 4h media +21.0p; 63/63 combinaciones SL x TP negativas.
2026-09-01 00:00:00 | Todas las lineas POR ENCIMA son de la estrategia ANTERIOR. No mezclar cohortes.
2026-09-01 00:00:00 | ============================================
2026-09-02 09:40:05 | --- arranque | estrategia CONTINUATION (desde 2026-09-01) | riesgo 0.25%/trade | DRY_RUN=False ---
2026-09-02 10:13:01 | --- arranque | estrategia CONTINUATION (desde 2026-09-01) | riesgo 0.25%/trade | DRY_RUN=False ---
2026-09-02 10:48:57 | --- arranque | estrategia CONTINUATION (desde 2026-09-01) | riesgo 0.25%/trade | DRY_RUN=False ---
2026-09-02 14:06:33 | --- arranque | estrategia CONTINUATION (desde 2026-09-01) | riesgo 0.25%/trade | DRY_RUN=False ---
2026-09-02 20:42:08 | --- arranque | estrategia CONTINUATION (desde 2026-09-01) | riesgo 0.25%/trade | DRY_RUN=False ---
2026-09-03 09:16:35 | --- arranque | estrategia CONTINUATION (desde 2026-09-01) | riesgo 0.25%/trade | DRY_RUN=False ---
2026-09-03 14:55:53 | REAL | SHORT AUDUSD | 0.92 lots | @ 0.72050 | SL 0.72186 | TP 0.71826 | RRR 2.00 | riesgo 126 USD | score 11/18 | strength fuerte | cross A | nivel {'price': 0.72027, 'type': 'support', 'strength': 5, 'touches': 4, 'distance_pips': 3.8} | fuente marco | ticket 534884505
2026-09-08 06:32:56 | --- arranque | estrategia CONTINUATION (desde 2026-09-01) | riesgo 0.25%/trade | DRY_RUN=False ---
2026-09-08 15:02:52 | REAL | SHORT AUDUSD | 1.07 lots | @ 0.72224 | SL 0.72343 | TP 0.71983 | RRR 2.00 | riesgo 127 USD | score 11/18 | strength fuerte | cross A | nivel {'price': 0.72045, 'type': 'support', 'strength': 5, 'touches': 22, 'distance_pips': 17.8} | fuente marco | ticket 537691027
2026-09-09 09:11:09 | --- arranque | estrategia CONTINUATION (desde 2026-09-01) | riesgo 0.25%/trade | DRY_RUN=False ---
2026-09-09 09:12:03 | REAL | SHORT AUDUSD | 1.33 lots | @ 0.72252 | SL 0.72347 | TP 0.71987 | RRR 2.00 | riesgo 127 USD | score 12/18 | strength fuerte | cross A | nivel {'price': 0.72054, 'type': 'support', 'strength': 5, 'touches': 32, 'distance_pips': 17.2} | fuente marco | ticket 538310180
2026-09-10 09:09:51 | --- arranque | estrategia CONTINUATION (desde 2026-09-01) | riesgo 0.25%/trade | DRY_RUN=False ---
2026-09-10 09:56:21 | REAL | LONG AUDUSD | 0.86 lots | @ 0.71648 | SL 0.71505 | TP 0.71865 | RRR 2.00 | riesgo 124 USD | score 11/18 | strength fuerte | cross A | nivel {'price': 0.71785, 'type': 'resistance', 'strength': 3, 'touches': 2, 'distance_pips': 16.0} | fuente marco | ticket 539445240
2026-09-10 13:14:24 | REAL | LONG AUDUSD | 1.30 lots | @ 0.71668 | SL 0.71573 | TP 0.71933 | RRR 2.00 | riesgo 124 USD | score 10/18 | strength fuerte | cross A | nivel {'price': 0.71755, 'type': 'resistance', 'strength': 5, 'touches': 4, 'distance_pips': 6.2} | fuente marco | ticket 539686775
2026-09-11 10:30:53 | --- arranque | estrategia CONTINUATION (desde 2026-09-01) | riesgo 0.25%/trade | DRY_RUN=False ---
2026-09-14 10:19:05 | --- arranque | estrategia CONTINUATION (desde 2026-09-01) | riesgo 0.25%/trade | DRY_RUN=False ---
2026-09-15 08:39:55 | --- arranque | estrategia CONTINUATION (desde 2026-09-01) | riesgo 0.25%/trade | DRY_RUN=False ---
2026-09-15 15:41:34 | --- arranque | estrategia CONTINUATION (desde 2026-09-01) | riesgo 0.25%/trade | DRY_RUN=False ---
2026-09-16 08:13:22 | --- arranque | estrategia CONTINUATION (desde 2026-09-01) | riesgo 0.25%/trade | DRY_RUN=False ---
2026-09-16 10:40:57 | --- arranque | estrategia CONTINUATION (desde 2026-09-01) | riesgo 0.25%/trade | DRY_RUN=False ---
2026-09-18 13:29:00 | --- arranque | estrategia CONTINUATION (desde 2026-09-01) | riesgo 0.25%/trade | DRY_RUN=False ---
2026-09-21 08:26:51 | --- arranque | estrategia CONTINUATION (desde 2026-09-01) | riesgo 0.25%/trade | DRY_RUN=False ---
2026-09-22 10:12:47 | --- arranque | estrategia CONTINUATION (desde 2026-09-01) | riesgo 0.25%/trade | DRY_RUN=False ---
2026-09-22 10:34:00 | REAL | LONG AUDUSD | 0.82 lots | @ 0.71103 | SL 0.70955 | TP 0.71315 | RRR 2.00 | riesgo 122 USD | score 13/18 | strength fuerte | cross A | nivel {'price': 0.71244, 'type': 'resistance', 'strength': 5, 'touches': 26, 'distance_pips': 16.9} | fuente marco | ticket 547638834
2026-09-23 09:29:56 | --- arranque | estrategia CONTINUATION (desde 2026-09-01) | riesgo 0.25%/trade | DRY_RUN=False ---
2026-09-23 09:30:56 | REAL | LONG AUDUSD | 1.05 lots | @ 0.70648 | SL 0.70535 | TP 0.70895 | RRR 2.00 | riesgo 120 USD | score 7/18 | strength normal | cross A | nivel {'price': 0.70801, 'type': 'resistance', 'strength': 2, 'touches': 3, 'distance_pips': 14.6} | fuente marco | ticket 548495916
2026-09-25 09:07:44 | --- arranque | estrategia CONTINUATION (desde 2026-09-01) | riesgo 0.25%/trade | DRY_RUN=False ---
2026-09-28 13:28:32 | --- arranque | estrategia CONTINUATION (desde 2026-09-01) | riesgo 0.25%/trade | DRY_RUN=False ---
2026-09-28 13:58:13 | --- arranque | estrategia CONTINUATION (desde 2026-09-01) | riesgo 0.25%/trade | DRY_RUN=False ---
2026-09-29 10:15:20 | --- arranque | estrategia CONTINUATION (desde 2026-09-01) | riesgo 0.25%/trade | DRY_RUN=False ---
2026-09-29 10:31:24 | REAL | LONG AUDUSD | 1.05 lots | @ 0.69873 | SL 0.69753 | TP 0.70113 | RRR 2.00 | riesgo 127 USD | score 7/18 | strength normal | cross A | nivel {'price': 0.69935, 'type': 'resistance', 'strength': 2, 'touches': 3, 'distance_pips': 3.3} | fuente marco | ticket 552823026
2026-09-29 14:07:57 | --- arranque | estrategia CONTINUATION (desde 2026-09-01) | riesgo 0.25%/trade | DRY_RUN=False ---
2026-09-30 10:11:29 | --- arranque | estrategia CONTINUATION (desde 2026-09-01) | riesgo 0.25%/trade | DRY_RUN=False ---
2026-10-01 11:51:29 | --- arranque | estrategia CONTINUATION (desde 2026-09-01) | riesgo 0.25%/trade | DRY_RUN=False ---
2026-10-02 11:10:33 | --- arranque | estrategia CONTINUATION (desde 2026-09-01) | riesgo 0.25%/trade | DRY_RUN=False ---
2026-10-05 08:09:35 | --- arranque | estrategia CONTINUATION (desde 2026-09-01) | riesgo 0.25%/trade | DRY_RUN=False ---
